2026-06-17 19:10:42,923 [INFO] Bot initialized: session=test
2026-06-17 19:10:42,923 [INFO] Bot initialized: session=test2
2026-06-17 19:10:42,924 [INFO] Bot initialized: session=test
2026-06-17 19:10:42,924 [INFO] Bot initialized: session=test2
2026-06-17 19:10:42,924 [INFO] Bot initialized: session=test
2026-06-17 19:10:42,924 [INFO] Bot initialized: session=test2
2026-06-17 19:10:42,925 [INFO] Bot initialized: session=test
2026-06-17 19:10:42,925 [INFO] Bot initialized: session=test2
2026-06-17 19:10:42,925 [INFO] Bot initialized: session=test
2026-06-17 19:10:42,925 [INFO] Bot initialized: session=test2
2026-06-17 19:10:42,926 [INFO] Bot initialized: session=test
2026-06-17 19:10:42,926 [INFO] Bot initialized: session=test2
2026-06-17 19:10:42,926 [INFO] Bot initialized: session=test
2026-06-17 19:10:42,926 [INFO] Bot initialized: session=test2
2026-06-17 19:10:42,926 [INFO] Bot initialized: session=test
2026-06-17 19:10:42,926 [INFO] Bot initialized: session=test2
2026-06-17 19:10:42,926 [INFO] Bot initialized: session=test
2026-06-17 19:10:42,926 [INFO] Bot initialized: session=test2
2026-06-17 19:10:42,927 [INFO] Bot initialized: session=test
2026-06-17 19:10:42,927 [INFO] Bot initialized: session=test2
2026-06-17 19:10:42,927 [INFO] Bot initialized: session=test
2026-06-17 19:10:42,927 [INFO] Bot initialized: session=test2
2026-06-17 19:10:42,928 [INFO] Bot initialized: session=test
2026-06-17 19:10:42,928 [INFO] Bot initialized: session=test2
2026-06-17 19:10:42,928 [INFO] Bot initialized: session=test
2026-06-17 19:10:42,928 [INFO] Bot initialized: session=test2
2026-06-17 19:10:42,928 [INFO] Bot initialized: session=test
2026-06-17 19:10:42,928 [INFO] Bot initialized: session=test2
2026-06-17 19:10:42,928 [INFO] Session test: dialog reset
2026-06-17 19:10:42,928 [INFO] Bot initialized: session=test
2026-06-17 19:10:42,928 [INFO] Bot initialized: session=test2
2026-06-17 19:10:42,929 [INFO] Bot initialized: session=test
2026-06-17 19:10:42,929 [INFO] Bot initialized: session=test2
2026-06-17 19:10:42,929 [INFO] Bot initialized: session=test
2026-06-17 19:10:42,929 [INFO] Bot initialized: session=test2
2026-06-17 19:10:42,929 [INFO] Bot initialized: session=test
2026-06-17 19:10:42,929 [INFO] Bot initialized: session=test2
2026-06-17 19:10:42,930 [INFO] Bot initialized: session=test
2026-06-17 19:10:42,930 [INFO] Bot initialized: session=test2
2026-06-17 19:10:42,930 [INFO] Bot initialized: session=test
2026-06-17 19:10:42,930 [INFO] Bot initialized: session=test2
2026-06-17 19:10:42,931 [INFO] Bot initialized: session=test
2026-06-17 19:10:42,931 [INFO] Bot initialized: session=test2
2026-06-17 19:10:42,931 [INFO] Bot initialized: session=test
2026-06-17 19:10:42,931 [INFO] Bot initialized: session=test2
2026-06-17 19:10:42,931 [INFO] Bot initialized: session=test
2026-06-17 19:10:42,931 [INFO] Bot initialized: session=test2
2026-06-17 19:10:42,932 [INFO] Bot initialized: session=test
2026-06-17 19:10:42,932 [INFO] Bot initialized: session=test2
2026-06-17 19:10:42,932 [INFO] Bot initialized: session=test
2026-06-17 19:10:42,932 [INFO] Bot initialized: session=test2
2026-06-17 19:10:42,932 [INFO] Bot initialized: session=test
2026-06-17 19:10:42,932 [INFO] Bot initialized: session=test2
2026-06-17 19:10:42,932 [INFO] Bot initialized: session=test
2026-06-17 19:10:42,932 [INFO] Bot initialized: session=test2
2026-06-17 19:10:42,932 [INFO] Bot initialized: session=test
2026-06-17 19:10:42,932 [INFO] Bot initialized: session=test2
2026-06-17 19:27:51,722 [INFO] Bot initialized: session=test
2026-06-17 19:27:51,723 [INFO] Bot initialized: session=test2
2026-06-17 19:27:51,723 [INFO] Bot initialized: session=test
2026-06-17 19:27:51,723 [INFO] Bot initialized: session=test2
2026-06-17 19:27:51,724 [INFO] Bot initialized: session=test
2026-06-17 19:27:51,724 [INFO] Bot initialized: session=test2
2026-06-17 19:27:51,724 [INFO] Bot initialized: session=test
2026-06-17 19:27:51,724 [INFO] Bot initialized: session=test2
2026-06-17 19:27:51,724 [INFO] Bot initialized: session=test
2026-06-17 19:27:51,724 [INFO] Bot initialized: session=test2
2026-06-17 19:27:51,726 [INFO] Bot initialized: session=test
2026-06-17 19:27:51,726 [INFO] Bot initialized: session=test2
2026-06-17 19:27:51,726 [INFO] Bot initialized: session=test
2026-06-17 19:27:51,726 [INFO] Bot initialized: session=test2
2026-06-17 19:27:51,727 [INFO] Bot initialized: session=test
2026-06-17 19:27:51,727 [INFO] Bot initialized: session=test2
2026-06-17 19:27:51,727 [INFO] Bot initialized: session=test
2026-06-17 19:27:51,727 [INFO] Bot initialized: session=test2
2026-06-17 19:27:51,728 [INFO] Bot initialized: session=test
2026-06-17 19:27:51,728 [INFO] Bot initialized: session=test2
2026-06-17 19:27:51,728 [INFO] Bot initialized: session=test
2026-06-17 19:27:51,728 [INFO] Bot initialized: session=test2
2026-06-17 19:27:51,728 [INFO] Bot initialized: session=test
2026-06-17 19:27:51,728 [INFO] Bot initialized: session=test2
2026-06-17 19:27:51,734 [INFO] Bot initialized: session=test
2026-06-17 19:27:51,734 [INFO] Bot initialized: session=test2
2026-06-17 19:27:51,734 [INFO] Bot initialized: session=test
2026-06-17 19:27:51,735 [INFO] Bot initialized: session=test2
2026-06-17 19:27:51,735 [INFO] Session test: dialog reset
2026-06-17 19:27:51,735 [INFO] Bot initialized: session=test
2026-06-17 19:27:51,735 [INFO] Bot initialized: session=test2
2026-06-17 19:27:51,735 [INFO] Bot initialized: session=test
2026-06-17 19:27:51,735 [INFO] Bot initialized: session=test2
2026-06-17 19:27:51,735 [INFO] Bot initialized: session=test
2026-06-17 19:27:51,735 [INFO] Bot initialized: session=test2
2026-06-17 19:27:51,735 [INFO] Bot initialized: session=test
2026-06-17 19:27:51,736 [INFO] Bot initialized: session=test2
2026-06-17 19:27:51,736 [INFO] Bot initialized: session=test
2026-06-17 19:27:51,736 [INFO] Bot initialized: session=test2
2026-06-17 19:27:51,736 [INFO] Bot initialized: session=test
2026-06-17 19:27:51,736 [INFO] Bot initialized: session=test2
2026-06-17 19:27:51,736 [INFO] Bot initialized: session=test
2026-06-17 19:27:51,736 [INFO] Bot initialized: session=test2
2026-06-17 19:27:51,736 [INFO] Bot initialized: session=test
2026-06-17 19:27:51,736 [INFO] Bot initialized: session=test2
2026-06-17 19:27:51,736 [INFO] Bot initialized: session=test
2026-06-17 19:27:51,736 [INFO] Bot initialized: session=test2
2026-06-17 19:27:51,737 [INFO] Bot initialized: session=test
2026-06-17 19:27:51,737 [INFO] Bot initialized: session=test2
2026-06-17 19:27:51,737 [INFO] Bot initialized: session=test
2026-06-17 19:27:51,737 [INFO] Bot initialized: session=test2
2026-06-17 19:27:51,737 [INFO] Bot initialized: session=test
2026-06-17 19:27:51,737 [INFO] Bot initialized: session=test2
2026-06-17 19:27:51,737 [INFO] Session test: dialog reset
2026-06-17 19:27:51,738 [INFO] Bot initialized: session=test
2026-06-17 19:27:51,738 [INFO] Bot initialized: session=test2
2026-06-17 19:27:51,738 [INFO] Bot initialized: session=test
2026-06-17 19:27:51,738 [INFO] Bot initialized: session=test2
2026-06-17 19:31:05,214 [INFO] Bot initialized: session=test
2026-06-17 19:31:05,214 [INFO] Bot initialized: session=test2
2026-06-17 19:31:05,214 [INFO] Bot initialized: session=test
2026-06-17 19:31:05,215 [INFO] Bot initialized: session=test2
2026-06-17 19:31:05,215 [INFO] Bot initialized: session=test
2026-06-17 19:31:05,215 [INFO] Bot initialized: session=test2
2026-06-17 19:31:05,215 [INFO] Bot initialized: session=test
2026-06-17 19:31:05,215 [INFO] Bot initialized: session=test2
2026-06-17 19:31:05,216 [INFO] Bot initialized: session=test
2026-06-17 19:31:05,216 [INFO] Bot initialized: session=test2
2026-06-17 19:31:05,216 [INFO] Session test: dialog reset
2026-06-17 19:31:05,216 [INFO] Booking confirmed: id=e6f413a2, patient=Иван Петров, service=МРТ головного мозга
2026-06-17 19:31:05,217 [INFO] Bot initialized: session=test
2026-06-17 19:31:05,217 [INFO] Bot initialized: session=test2
2026-06-17 19:31:05,217 [INFO] Bot initialized: session=test
2026-06-17 19:31:05,217 [INFO] Bot initialized: session=test2
2026-06-17 19:31:05,217 [INFO] Bot initialized: session=test
2026-06-17 19:31:05,217 [INFO] Bot initialized: session=test2
2026-06-17 19:31:05,218 [INFO] Bot initialized: session=test
2026-06-17 19:31:05,218 [INFO] Bot initialized: session=test2
2026-06-17 19:31:05,218 [INFO] Bot initialized: session=test
2026-06-17 19:31:05,218 [INFO] Bot initialized: session=test2
2026-06-17 19:31:05,218 [INFO] Bot initialized: session=test
2026-06-17 19:31:05,219 [INFO] Bot initialized: session=test2
2026-06-17 19:31:05,219 [INFO] Bot initialized: session=test
2026-06-17 19:31:05,219 [INFO] Bot initialized: session=test2
2026-06-17 19:31:05,219 [INFO] Bot initialized: session=test
2026-06-17 19:31:05,219 [INFO] Bot initialized: session=test2
2026-06-17 19:31:05,220 [INFO] Bot initialized: session=test
2026-06-17 19:31:05,220 [INFO] Bot initialized: session=test2
2026-06-17 19:31:05,220 [INFO] Session test: dialog reset
2026-06-17 19:31:05,220 [INFO] Bot initialized: session=test
2026-06-17 19:31:05,220 [INFO] Bot initialized: session=test2
2026-06-17 19:31:05,220 [INFO] Bot initialized: session=test
2026-06-17 19:31:05,220 [INFO] Bot initialized: session=test2
2026-06-17 19:31:05,220 [INFO] Bot initialized: session=test
2026-06-17 19:31:05,220 [INFO] Bot initialized: session=test2
2026-06-17 19:31:05,220 [INFO] Bot initialized: session=test
2026-06-17 19:31:05,220 [INFO] Bot initialized: session=test2
2026-06-17 19:31:05,220 [INFO] Bot initialized: session=test
2026-06-17 19:31:05,220 [INFO] Bot initialized: session=test2
2026-06-17 19:31:05,220 [INFO] Bot initialized: session=test
2026-06-17 19:31:05,221 [INFO] Bot initialized: session=test2
2026-06-17 19:31:05,221 [INFO] Bot initialized: session=test
2026-06-17 19:31:05,222 [INFO] Bot initialized: session=test2
2026-06-17 19:31:05,222 [INFO] Bot initialized: session=test
2026-06-17 19:31:05,223 [INFO] Bot initialized: session=test2
2026-06-17 19:31:05,223 [INFO] Bot initialized: session=test
2026-06-17 19:31:05,223 [INFO] Bot initialized: session=test2
2026-06-17 19:31:05,223 [INFO] Bot initialized: session=test
2026-06-17 19:31:05,223 [INFO] Bot initialized: session=test2
2026-06-17 19:31:05,223 [INFO] Bot initialized: session=test
2026-06-17 19:31:05,223 [INFO] Bot initialized: session=test2
2026-06-17 19:31:05,223 [INFO] Bot initialized: session=test
2026-06-17 19:31:05,223 [INFO] Bot initialized: session=test2
2026-06-17 19:31:05,223 [INFO] Session test: dialog reset
2026-06-17 19:31:05,226 [INFO] Bot initialized: session=test
2026-06-17 19:31:05,226 [INFO] Bot initialized: session=test2
2026-06-17 19:31:05,226 [INFO] Bot initialized: session=test
2026-06-17 19:31:05,226 [INFO] Bot initialized: session=test2
2026-06-17 19:31:22,680 [INFO] Bot initialized: session=test
2026-06-17 19:31:22,680 [INFO] Bot initialized: session=test2
2026-06-17 19:31:22,680 [INFO] Bot initialized: session=test
2026-06-17 19:31:22,680 [INFO] Bot initialized: session=test2
2026-06-17 19:31:22,680 [INFO] Bot initialized: session=test
2026-06-17 19:31:22,680 [INFO] Bot initialized: session=test2
2026-06-17 19:31:22,680 [INFO] Bot initialized: session=test
2026-06-17 19:31:22,680 [INFO] Bot initialized: session=test2
2026-06-17 19:31:22,680 [INFO] Bot initialized: session=test
2026-06-17 19:31:22,681 [INFO] Bot initialized: session=test2
2026-06-17 19:31:22,681 [INFO] Session test: dialog reset
2026-06-17 19:31:22,681 [INFO] Bot initialized: session=test
2026-06-17 19:31:22,681 [INFO] Bot initialized: session=test2
2026-06-17 19:31:22,681 [INFO] Bot initialized: session=test
2026-06-17 19:31:22,681 [INFO] Bot initialized: session=test2
2026-06-17 19:31:22,681 [INFO] Bot initialized: session=test
2026-06-17 19:31:22,681 [INFO] Bot initialized: session=test2
2026-06-17 19:31:22,681 [INFO] Bot initialized: session=test
2026-06-17 19:31:22,681 [INFO] Bot initialized: session=test2
2026-06-17 19:31:22,681 [INFO] Bot initialized: session=test
2026-06-17 19:31:22,681 [INFO] Bot initialized: session=test2
2026-06-17 19:31:22,681 [INFO] Bot initialized: session=test
2026-06-17 19:31:22,681 [INFO] Bot initialized: session=test2
2026-06-17 19:31:22,681 [INFO] Bot initialized: session=test
2026-06-17 19:31:22,681 [INFO] Bot initialized: session=test2
2026-06-17 19:31:22,681 [INFO] Bot initialized: session=test
2026-06-17 19:31:22,681 [INFO] Bot initialized: session=test2
2026-06-17 19:31:22,681 [INFO] Bot initialized: session=test
2026-06-17 19:31:22,681 [INFO] Bot initialized: session=test2
2026-06-17 19:31:22,681 [INFO] Session test: dialog reset
2026-06-17 19:31:22,681 [INFO] Bot initialized: session=test
2026-06-17 19:31:22,681 [INFO] Bot initialized: session=test2
2026-06-17 19:31:22,681 [INFO] Bot initialized: session=test
2026-06-17 19:31:22,681 [INFO] Bot initialized: session=test2
2026-06-17 19:31:22,681 [INFO] Bot initialized: session=test
2026-06-17 19:31:22,681 [INFO] Bot initialized: session=test2
2026-06-17 19:31:22,681 [INFO] Bot initialized: session=test
2026-06-17 19:31:22,681 [INFO] Bot initialized: session=test2
2026-06-17 19:31:22,681 [INFO] Bot initialized: session=test
2026-06-17 19:31:22,681 [INFO] Bot initialized: session=test2
2026-06-17 19:31:22,681 [INFO] Bot initialized: session=test
2026-06-17 19:31:22,681 [INFO] Bot initialized: session=test2
2026-06-17 19:31:22,682 [INFO] Bot initialized: session=test
2026-06-17 19:31:22,682 [INFO] Bot initialized: session=test2
2026-06-17 19:31:22,682 [INFO] Bot initialized: session=test
2026-06-17 19:31:22,682 [INFO] Bot initialized: session=test2
2026-06-17 19:31:22,682 [INFO] Bot initialized: session=test
2026-06-17 19:31:22,682 [INFO] Bot initialized: session=test2
2026-06-17 19:31:22,682 [INFO] Bot initialized: session=test
2026-06-17 19:31:22,682 [INFO] Bot initialized: session=test2
2026-06-17 19:31:22,682 [INFO] Bot initialized: session=test
2026-06-17 19:31:22,682 [INFO] Bot initialized: session=test2
2026-06-17 19:31:22,682 [INFO] Bot initialized: session=test
2026-06-17 19:31:22,682 [INFO] Bot initialized: session=test2
2026-06-17 19:31:22,682 [INFO] Session test: dialog reset
2026-06-17 19:31:22,682 [INFO] Bot initialized: session=test
2026-06-17 19:31:22,682 [INFO] Bot initialized: session=test2
2026-06-17 19:31:22,682 [INFO] Bot initialized: session=test
2026-06-17 19:31:22,682 [INFO] Bot initialized: session=test2
2026-06-17 19:31:28,634 [INFO] [31m[1mWARNING: This is a development server. Do not use it in a production deployment. Use a production WSGI server instead.[0m
 * Running on all addresses (0.0.0.0)
 * Running on http://127.0.0.1:5000
 * Running on http://10.60.98.187:5000
2026-06-17 19:31:28,634 [INFO] [33mPress CTRL+C to quit[0m
2026-06-17 19:31:28,636 [INFO]  * Restarting with stat
2026-06-17 19:31:28,761 [WARNING]  * Debugger is active!
2026-06-17 19:31:28,777 [INFO]  * Debugger PIN: 691-017-538
2026-06-17 19:31:35,764 [INFO] 127.0.0.1 - - [17/Jun/2026 19:31:35] "GET / HTTP/1.1" 200 -
2026-06-17 19:32:33,905 [INFO] 127.0.0.1 - - [17/Jun/2026 19:32:33] "GET / HTTP/1.1" 200 -
2026-06-17 19:32:33,915 [INFO] Bot initialized: session=9dce03bc
2026-06-17 19:32:33,915 [INFO] 127.0.0.1 - - [17/Jun/2026 19:32:33] "GET /api/init HTTP/1.1" 200 -
2026-06-17 19:32:33,954 [INFO] 127.0.0.1 - - [17/Jun/2026 19:32:33] "GET /api/stats HTTP/1.1" 200 -
2026-06-17 19:34:31,243 [INFO] 127.0.0.1 - - [17/Jun/2026 19:34:31] "GET / HTTP/1.1" 200 -
2026-06-17 19:34:31,250 [INFO] Bot initialized: session=6a3ba6f2
2026-06-17 19:34:31,250 [INFO] 127.0.0.1 - - [17/Jun/2026 19:34:31] "GET /api/init HTTP/1.1" 200 -
2026-06-17 19:34:31,253 [INFO] 127.0.0.1 - - [17/Jun/2026 19:34:31] "GET /api/stats HTTP/1.1" 200 -
2026-06-17 19:34:34,276 [INFO] Bot initialized: session=6a3ba6f2
2026-06-17 19:34:34,277 [INFO] 127.0.0.1 - - [17/Jun/2026 19:34:34] "POST /api/message HTTP/1.1" 200 -
2026-06-17 19:34:38,256 [INFO] 127.0.0.1 - - [17/Jun/2026 19:34:38] "POST /api/message HTTP/1.1" 200 -
2026-06-17 19:34:42,239 [INFO] 127.0.0.1 - - [17/Jun/2026 19:34:42] "POST /api/message HTTP/1.1" 200 -
2026-06-17 19:34:44,539 [INFO] 127.0.0.1 - - [17/Jun/2026 19:34:44] "POST /api/message HTTP/1.1" 200 -
2026-06-17 19:34:46,727 [INFO] 127.0.0.1 - - [17/Jun/2026 19:34:46] "POST /api/message HTTP/1.1" 200 -
2026-06-17 19:34:51,467 [INFO] 127.0.0.1 - - [17/Jun/2026 19:34:51] "POST /api/message HTTP/1.1" 200 -
2026-06-17 19:35:01,884 [INFO] 127.0.0.1 - - [17/Jun/2026 19:35:01] "POST /api/message HTTP/1.1" 200 -
2026-06-17 19:35:13,797 [INFO] 127.0.0.1 - - [17/Jun/2026 19:35:13] "POST /api/message HTTP/1.1" 200 -
2026-06-17 19:35:18,341 [INFO] Bot initialized: session=a121139a
2026-06-17 19:35:18,341 [INFO] 127.0.0.1 - - [17/Jun/2026 19:35:18] "GET /api/init HTTP/1.1" 200 -
2026-06-17 19:36:55,940 [INFO] 127.0.0.1 - - [17/Jun/2026 19:36:55] "POST /api/message HTTP/1.1" 200 -
2026-06-17 19:37:01,504 [INFO] 127.0.0.1 - - [17/Jun/2026 19:37:01] "POST /api/message HTTP/1.1" 200 -
2026-06-17 19:37:08,131 [INFO] 127.0.0.1 - - [17/Jun/2026 19:37:08] "POST /api/message HTTP/1.1" 200 -
2026-06-17 19:37:14,361 [INFO] 127.0.0.1 - - [17/Jun/2026 19:37:14] "POST /api/message HTTP/1.1" 200 -
2026-06-17 19:37:20,648 [INFO] 127.0.0.1 - - [17/Jun/2026 19:37:20] "POST /api/message HTTP/1.1" 200 -
2026-06-17 19:37:28,925 [INFO] Session 6a3ba6f2: dialog reset
2026-06-17 19:37:28,926 [INFO] 127.0.0.1 - - [17/Jun/2026 19:37:28] "POST /api/message HTTP/1.1" 200 -
2026-06-17 19:37:32,646 [INFO] 127.0.0.1 - - [17/Jun/2026 19:37:32] "POST /api/message HTTP/1.1" 200 -
2026-06-17 19:37:39,469 [INFO] 127.0.0.1 - - [17/Jun/2026 19:37:39] "POST /api/message HTTP/1.1" 200 -
2026-06-17 19:37:47,096 [INFO] 127.0.0.1 - - [17/Jun/2026 19:37:47] "POST /api/message HTTP/1.1" 200 -
2026-06-17 19:38:00,473 [INFO] 127.0.0.1 - - [17/Jun/2026 19:38:00] "POST /api/message HTTP/1.1" 200 -
2026-06-17 19:38:03,021 [INFO] 127.0.0.1 - - [17/Jun/2026 19:38:03] "POST /api/message HTTP/1.1" 200 -
2026-06-17 19:38:10,707 [INFO] 127.0.0.1 - - [17/Jun/2026 19:38:10] "POST /api/message HTTP/1.1" 200 -
2026-06-17 19:38:14,118 [INFO] 127.0.0.1 - - [17/Jun/2026 19:38:14] "GET /api/stats HTTP/1.1" 200 -
2026-06-17 19:38:14,931 [INFO] 127.0.0.1 - - [17/Jun/2026 19:38:14] "GET /api/stats HTTP/1.1" 200 -
2026-06-17 19:38:15,230 [INFO] 127.0.0.1 - - [17/Jun/2026 19:38:15] "GET /api/stats HTTP/1.1" 200 -
2026-06-17 19:39:21,119 [INFO] 127.0.0.1 - - [17/Jun/2026 19:39:21] "POST /api/message HTTP/1.1" 200 -
2026-06-17 19:39:23,600 [INFO] 127.0.0.1 - - [17/Jun/2026 19:39:23] "POST /api/message HTTP/1.1" 200 -
2026-06-17 19:39:28,654 [INFO] 127.0.0.1 - - [17/Jun/2026 19:39:28] "POST /api/message HTTP/1.1" 200 -
2026-06-17 19:39:32,662 [INFO] 127.0.0.1 - - [17/Jun/2026 19:39:32] "POST /api/message HTTP/1.1" 200 -
2026-06-17 19:39:36,519 [INFO] 127.0.0.1 - - [17/Jun/2026 19:39:36] "POST /api/message HTTP/1.1" 200 -
2026-06-17 19:39:41,853 [INFO] 127.0.0.1 - - [17/Jun/2026 19:39:41] "POST /api/message HTTP/1.1" 200 -
2026-06-17 19:39:47,677 [INFO] 127.0.0.1 - - [17/Jun/2026 19:39:47] "POST /api/message HTTP/1.1" 200 -
2026-06-17 19:39:53,033 [INFO] 127.0.0.1 - - [17/Jun/2026 19:39:53] "POST /api/message HTTP/1.1" 200 -
2026-06-17 19:39:54,996 [INFO] 127.0.0.1 - - [17/Jun/2026 19:39:54] "POST /api/message HTTP/1.1" 200 -
2026-06-17 19:39:57,423 [INFO] 127.0.0.1 - - [17/Jun/2026 19:39:57] "POST /api/message HTTP/1.1" 200 -
2026-06-17 19:40:02,409 [INFO] 127.0.0.1 - - [17/Jun/2026 19:40:02] "POST /api/message HTTP/1.1" 200 -
2026-06-17 19:40:06,865 [INFO] Bot initialized: session=test
2026-06-17 19:40:06,865 [INFO] 127.0.0.1 - - [17/Jun/2026 19:40:06] "POST /api/message HTTP/1.1" 200 -
2026-06-17 19:40:08,983 [INFO] 127.0.0.1 - - [17/Jun/2026 19:40:08] "[31m[1mPOST /api/reset HTTP/1.1[0m" 400 -
2026-06-17 19:40:08,988 [INFO] Bot initialized: session=04aaa36d
2026-06-17 19:40:08,988 [INFO] 127.0.0.1 - - [17/Jun/2026 19:40:08] "GET /api/init HTTP/1.1" 200 -
2026-06-17 19:40:08,992 [INFO] 127.0.0.1 - - [17/Jun/2026 19:40:08] "GET /api/stats HTTP/1.1" 200 -
2026-06-17 19:40:12,563 [INFO] 127.0.0.1 - - [17/Jun/2026 19:40:12] "GET /api/stats HTTP/1.1" 200 -
2026-06-17 19:40:12,863 [INFO] 127.0.0.1 - - [17/Jun/2026 19:40:12] "GET /api/stats HTTP/1.1" 200 -
2026-06-17 19:40:13,113 [INFO] 127.0.0.1 - - [17/Jun/2026 19:40:13] "GET /api/stats HTTP/1.1" 200 -
2026-06-17 19:40:17,899 [INFO] 127.0.0.1 - - [17/Jun/2026 19:40:17] "GET /api/stats HTTP/1.1" 200 -
2026-06-17 19:43:37,287 [INFO] [31m[1mWARNING: This is a development server. Do not use it in a production deployment. Use a production WSGI server instead.[0m
 * Running on all addresses (0.0.0.0)
 * Running on http://127.0.0.1:5000
 * Running on http://10.60.98.187:5000
2026-06-17 19:43:37,294 [INFO] [33mPress CTRL+C to quit[0m
2026-06-17 19:43:37,298 [INFO]  * Restarting with stat
2026-06-17 19:43:37,431 [WARNING]  * Debugger is active!
2026-06-17 19:43:37,459 [INFO]  * Debugger PIN: 691-017-538
2026-06-17 19:44:04,730 [INFO] 127.0.0.1 - - [17/Jun/2026 19:44:04] "GET / HTTP/1.1" 200 -
2026-06-17 19:44:11,703 [INFO] Bot initialized: session=test
2026-06-17 19:44:11,703 [INFO] Bot initialized: session=test2
2026-06-17 19:44:11,703 [INFO] Bot initialized: session=test
2026-06-17 19:44:11,703 [INFO] Bot initialized: session=test2
2026-06-17 19:44:11,703 [INFO] Bot initialized: session=test
2026-06-17 19:44:11,703 [INFO] Bot initialized: session=test2
2026-06-17 19:44:11,703 [INFO] Bot initialized: session=test
2026-06-17 19:44:11,703 [INFO] Bot initialized: session=test2
2026-06-17 19:44:11,703 [INFO] Bot initialized: session=test
2026-06-17 19:44:11,703 [INFO] Bot initialized: session=test2
2026-06-17 19:44:11,703 [INFO] Session test: dialog reset
2026-06-17 19:44:11,703 [INFO] Booking confirmed: id=c123f324, patient=Иван Петров, service=МРТ головного мозга
2026-06-17 19:44:11,703 [INFO] Bot initialized: session=test
2026-06-17 19:44:11,703 [INFO] Bot initialized: session=test2
2026-06-17 19:44:11,703 [INFO] Bot initialized: session=test
2026-06-17 19:44:11,703 [INFO] Bot initialized: session=test2
2026-06-17 19:44:11,703 [INFO] Bot initialized: session=test
2026-06-17 19:44:11,703 [INFO] Bot initialized: session=test2
2026-06-17 19:44:11,703 [INFO] Bot initialized: session=test
2026-06-17 19:44:11,703 [INFO] Bot initialized: session=test2
2026-06-17 19:44:11,703 [INFO] Bot initialized: session=test
2026-06-17 19:44:11,703 [INFO] Bot initialized: session=test2
2026-06-17 19:44:11,703 [INFO] Bot initialized: session=test
2026-06-17 19:44:11,703 [INFO] Bot initialized: session=test2
2026-06-17 19:44:11,703 [INFO] Bot initialized: session=test
2026-06-17 19:44:11,703 [INFO] Bot initialized: session=test2
2026-06-17 19:44:11,703 [INFO] Bot initialized: session=test
2026-06-17 19:44:11,704 [INFO] Bot initialized: session=test2
2026-06-17 19:44:11,704 [INFO] Bot initialized: session=test
2026-06-17 19:44:11,704 [INFO] Bot initialized: session=test2
2026-06-17 19:44:11,704 [INFO] Session test: dialog reset
2026-06-17 19:44:11,704 [INFO] Bot initialized: session=test
2026-06-17 19:44:11,704 [INFO] Bot initialized: session=test2
2026-06-17 19:44:11,704 [INFO] Bot initialized: session=test
2026-06-17 19:44:11,704 [INFO] Bot initialized: session=test2
2026-06-17 19:44:11,704 [INFO] Bot initialized: session=test
2026-06-17 19:44:11,704 [INFO] Bot initialized: session=test2
2026-06-17 19:44:11,704 [INFO] Bot initialized: session=test
2026-06-17 19:44:11,704 [INFO] Bot initialized: session=test2
2026-06-17 19:44:11,704 [INFO] Bot initialized: session=test
2026-06-17 19:44:11,704 [INFO] Bot initialized: session=test2
2026-06-17 19:44:11,704 [INFO] Bot initialized: session=test
2026-06-17 19:44:11,704 [INFO] Bot initialized: session=test2
2026-06-17 19:44:11,704 [INFO] Bot initialized: session=test
2026-06-17 19:44:11,704 [INFO] Bot initialized: session=test2
2026-06-17 19:44:11,704 [INFO] Bot initialized: session=test
2026-06-17 19:44:11,704 [INFO] Bot initialized: session=test2
2026-06-17 19:44:11,704 [INFO] Bot initialized: session=test
2026-06-17 19:44:11,704 [INFO] Bot initialized: session=test2
2026-06-17 19:44:11,704 [INFO] Bot initialized: session=test
2026-06-17 19:44:11,704 [INFO] Bot initialized: session=test2
2026-06-17 19:44:11,704 [INFO] Bot initialized: session=test
2026-06-17 19:44:11,704 [INFO] Bot initialized: session=test2
2026-06-17 19:44:11,704 [INFO] Bot initialized: session=test
2026-06-17 19:44:11,704 [INFO] Bot initialized: session=test2
2026-06-17 19:44:11,704 [INFO] Session test: dialog reset
2026-06-17 19:44:11,704 [INFO] Bot initialized: session=test
2026-06-17 19:44:11,704 [INFO] Bot initialized: session=test2
2026-06-17 19:44:11,704 [INFO] Bot initialized: session=test
2026-06-17 19:44:11,704 [INFO] Bot initialized: session=test2
2026-06-17 19:44:55,075 [INFO] 127.0.0.1 - - [17/Jun/2026 19:44:55] "[31m[1mPOST /api/reset HTTP/1.1[0m" 400 -
2026-06-17 19:44:55,076 [INFO] Bot initialized: session=dccfe731
2026-06-17 19:44:55,076 [INFO] 127.0.0.1 - - [17/Jun/2026 19:44:55] "GET /api/init HTTP/1.1" 200 -
2026-06-17 19:44:55,079 [INFO] 127.0.0.1 - - [17/Jun/2026 19:44:55] "GET /api/stats HTTP/1.1" 200 -
2026-06-17 19:45:39,047 [INFO] Bot initialized: session=dccfe731
2026-06-17 19:45:39,048 [INFO] 127.0.0.1 - - [17/Jun/2026 19:45:39] "POST /api/message HTTP/1.1" 200 -
2026-06-17 19:45:47,150 [INFO] 127.0.0.1 - - [17/Jun/2026 19:45:47] "POST /api/message HTTP/1.1" 200 -
2026-06-17 19:45:56,162 [INFO] 127.0.0.1 - - [17/Jun/2026 19:45:56] "POST /api/message HTTP/1.1" 200 -
2026-06-17 19:46:00,336 [INFO] 127.0.0.1 - - [17/Jun/2026 19:46:00] "POST /api/message HTTP/1.1" 200 -
2026-06-17 19:46:07,074 [INFO] 127.0.0.1 - - [17/Jun/2026 19:46:07] "POST /api/message HTTP/1.1" 200 -
2026-06-17 19:46:13,335 [INFO] 127.0.0.1 - - [17/Jun/2026 19:46:13] "POST /api/message HTTP/1.1" 200 -
2026-06-17 19:46:17,445 [INFO] 127.0.0.1 - - [17/Jun/2026 19:46:17] "POST /api/message HTTP/1.1" 200 -
2026-06-17 19:50:39,634 [INFO]  * Detected change in '/Users/maks/Desktop/борас  проект/bot_logic.py', reloading
2026-06-17 19:50:39,677 [INFO]  * Restarting with stat
2026-06-17 19:50:39,968 [WARNING]  * Debugger is active!
2026-06-17 19:50:39,982 [INFO]  * Debugger PIN: 691-017-538
2026-06-17 20:08:40,684 [INFO] Bot initialized: session=test
2026-06-17 20:08:40,684 [INFO] Bot initialized: session=test2
2026-06-17 20:08:40,685 [INFO] Bot initialized: session=test
2026-06-17 20:08:40,685 [INFO] Bot initialized: session=test2
2026-06-17 20:08:40,685 [INFO] Bot initialized: session=test
2026-06-17 20:08:40,685 [INFO] Bot initialized: session=test2
2026-06-17 20:08:40,685 [INFO] Bot initialized: session=test
2026-06-17 20:08:40,685 [INFO] Bot initialized: session=test2
2026-06-17 20:08:40,685 [INFO] Bot initialized: session=test
2026-06-17 20:08:40,685 [INFO] Bot initialized: session=test2
2026-06-17 20:08:40,685 [INFO] Session test: dialog reset
2026-06-17 20:08:40,685 [INFO] Bot initialized: session=test
2026-06-17 20:08:40,685 [INFO] Bot initialized: session=test2
2026-06-17 20:08:40,685 [INFO] Bot initialized: session=test
2026-06-17 20:08:40,685 [INFO] Bot initialized: session=test2
2026-06-17 20:08:40,685 [INFO] Bot initialized: session=test
2026-06-17 20:08:40,685 [INFO] Bot initialized: session=test2
2026-06-17 20:08:40,685 [INFO] Bot initialized: session=test
2026-06-17 20:08:40,685 [INFO] Bot initialized: session=test2
2026-06-17 20:08:40,685 [INFO] Bot initialized: session=test
2026-06-17 20:08:40,685 [INFO] Bot initialized: session=test2
2026-06-17 20:08:40,685 [INFO] Bot initialized: session=test
2026-06-17 20:08:40,685 [INFO] Bot initialized: session=test2
2026-06-17 20:08:40,685 [INFO] Bot initialized: session=test
2026-06-17 20:08:40,685 [INFO] Bot initialized: session=test2
2026-06-17 20:08:40,685 [INFO] Bot initialized: session=test
2026-06-17 20:08:40,685 [INFO] Bot initialized: session=test2
2026-06-17 20:08:40,685 [INFO] Bot initialized: session=test
2026-06-17 20:08:40,685 [INFO] Bot initialized: session=test2
2026-06-17 20:08:40,685 [INFO] Session test: dialog reset
2026-06-17 20:08:40,685 [INFO] Bot initialized: session=test
2026-06-17 20:08:40,685 [INFO] Bot initialized: session=test2
2026-06-17 20:08:40,685 [INFO] Bot initialized: session=test
2026-06-17 20:08:40,685 [INFO] Bot initialized: session=test2
2026-06-17 20:08:40,685 [INFO] Bot initialized: session=test
2026-06-17 20:08:40,685 [INFO] Bot initialized: session=test2
2026-06-17 20:08:40,685 [INFO] Bot initialized: session=test
2026-06-17 20:08:40,685 [INFO] Bot initialized: session=test2
2026-06-17 20:08:40,686 [INFO] Bot initialized: session=test
2026-06-17 20:08:40,686 [INFO] Bot initialized: session=test2
2026-06-17 20:08:40,686 [INFO] Bot initialized: session=test
2026-06-17 20:08:40,686 [INFO] Bot initialized: session=test2
2026-06-17 20:08:40,686 [INFO] Bot initialized: session=test
2026-06-17 20:08:40,686 [INFO] Bot initialized: session=test2
2026-06-17 20:08:40,686 [INFO] Bot initialized: session=test
2026-06-17 20:08:40,686 [INFO] Bot initialized: session=test2
2026-06-17 20:08:40,686 [INFO] Bot initialized: session=test
2026-06-17 20:08:40,686 [INFO] Bot initialized: session=test2
2026-06-17 20:08:40,686 [INFO] Bot initialized: session=test
2026-06-17 20:08:40,686 [INFO] Bot initialized: session=test2
2026-06-17 20:08:40,686 [INFO] Bot initialized: session=test
2026-06-17 20:08:40,686 [INFO] Bot initialized: session=test2
2026-06-17 20:08:40,686 [INFO] Bot initialized: session=test
2026-06-17 20:08:40,686 [INFO] Bot initialized: session=test2
2026-06-17 20:08:40,686 [INFO] Session test: dialog reset
2026-06-17 20:08:40,686 [INFO] Bot initialized: session=test
2026-06-17 20:08:40,686 [INFO] Bot initialized: session=test2
2026-06-17 20:08:40,686 [INFO] Bot initialized: session=test
2026-06-17 20:08:40,686 [INFO] Bot initialized: session=test2
